import nock from 'nock'
import { createTestEvent, createTestIntegration } from '@segment/actions-core'
import Destination from '../../index'
import { getEndpointByRegion } from '../../regional-endpoints'

<<<<<<< HEAD
const testDestination = createTestIntegration(Destination)
const MOENGAGE_API_ID = 'SOME_APP_ID'
const MOENGAGE_API_KEY = 'SOME_APP_KEY'
const MOENGAGE_REGION = 'SOME_REGION'

const endpoint = getEndpointByRegion()
=======
exports[`Testing snapshot for actions-moengage destination: identifyUser action - all fields 1`] = `
Object {
  "anonymous_id": "z(%@QRCz7h$8M)#]",
  "context": Object {
    "app": Object {
      "version": "z(%@QRCz7h$8M)#]",
    },
    "library": Object {
      "version": "z(%@QRCz7h$8M)#]",
    },
    "os": Object {
      "name": "z(%@QRCz7h$8M)#]",
    },
  },
  "timestamp": "2021-02-01T00:00:00.000Z",
  "traits": Object {
    "testType": "z(%@QRCz7h$8M)#]",
  },
  "type": "z(%@QRCz7h$8M)#]",
  "update_existing_only": false,
  "user_id": "z(%@QRCz7h$8M)#]",
}
`;

exports[`Testing snapshot for actions-moengage destination: identifyUser action - required fields 1`] = `
Object {
  "context": Object {
    "app": Object {},
    "library": Object {},
    "os": Object {},
  },
  "type": "z(%@QRCz7h$8M)#]",
  "update_existing_only": false,
}
`;
>>>>>>> 00837df3de96bab464ee124e6abdd752718d0803

describe('ActionsMoengage.identifyUser', () => {
  it('should validate action fields', async () => {
    const event = createTestEvent({ traits: { name: 'abc' } })

<<<<<<< HEAD
    nock(`${endpoint}`).post(`/v1/integrations/segment?appId=${MOENGAGE_API_ID}`).reply(200, {})

    const responses = await testDestination.testAction('identifyUser', {
      event,
      useDefaultMappings: true,
      settings: {
        api_id: MOENGAGE_API_ID,
        api_key: MOENGAGE_API_KEY,
        region: MOENGAGE_REGION
      }
    })

    expect(responses.length).toBe(1)
    expect(responses[0].status).toBe(200)
    expect(responses[0].data).toMatchObject({})
    expect(responses[0].options.body).toBe(
      `{"type":"track","user_id":"user1234","traits":{"name":"abc"},"context":{"app":{},"os":{},"library":{"version":"2.11.1"}},"anonymous_id":"${event.anonymousId}","timestamp":"${event.timestamp}","update_existing_only":false}`
    )
  })

  it('should require api_id and api_key', async () => {
    const event = createTestEvent()
    nock(`${endpoint}`).post(`/v1/integrations/segment?appId=${MOENGAGE_API_ID}`).reply(200, {})

    try {
      await testDestination.testAction('identifyUser', {
        event,
        useDefaultMappings: true
      })
    } catch (e) {
      expect(e.message).toBe('Missing API ID or API KEY')
    }
  })
})
=======
exports[`Testing snapshot for actions-moengage destination: trackEvent action - required fields 1`] = `
Object {
  "context": Object {
    "app": Object {},
    "library": Object {},
    "os": Object {},
  },
  "event": "E@t!q#n(^u",
  "type": "E@t!q#n(^u",
}
`;
>>>>>>> 00837df3de96bab464ee124e6abdd752718d0803
